
=== miniGit Full Demo ===

[1] init

[2] add files
Adding file: a.txt
Content: first version of a.txt
Added: a.txt
Adding file: b.txt
Content: second file content
Added: b.txt

[3] first commit
Staging area has 2 files
Committing changes...
Commit created successfully!
   Hash: d72ea73d6bf49fa1efcaac009590cba9f2467f04

First commit hash: d72ea73d6bf49fa1efcaac009590cba9f2467f04

[4] print_history

Commit history:
================

commit d72ea73d6bf49fa1efcaac009590cba9f2467f04
Date: Fri May 15 13:49:38 2026
    Commit A: added a.txt and b.txt

[5] get_file_content
first version of a.txt

[6] get_file_exists
true
false

[7] update file + second commit
Adding file: a.txt
Content: SECOND version of a.txt - changed!
Updated: a.txt
Staging area has 2 files
Committing changes...
Commit created successfully!
   Hash: 95fdc2498278c2c91614912706e7fbe5573b4e5d

[8] remove file + third commit
Removed: b.txt
Staging area has 1 files
Committing changes...
Commit created successfully!
   Hash: c46f02922978ba917d9816d4c8ba4d4952a06275

[9] print_files
a.txt 4bb35fd68debaf47a7cc5e828e9ce02952b1df3a

[10] create branch
Branch 'feature' created

Branches:
* master [c46f02922978ba917d9816d4c8ba4d4952a06275]
  feature [c46f02922978ba917d9816d4c8ba4d4952a06275]

[11] checkout branch

Checking out: feature
Switched to branch 'feature'
Adding file: feature.txt
Content: this file is only in feature branch
Added: feature.txt
Staging area has 2 files
Committing changes...
Commit created successfully!
   Hash: d4650fa91c505c9569603c632c80219be7e9e91c

[12] get_branch_head
Branch feature head: d4650fa91c505c9569603c632c80219be7e9e91c

commit d4650fa91c505c9569603c632c80219be7e9e91c
parent c46f02922978ba917d9816d4c8ba4d4952a06275
Date: Fri May 15 13:49:38 2026
    Commit D: added feature.txt

Branch master head: c46f02922978ba917d9816d4c8ba4d4952a06275

commit c46f02922978ba917d9816d4c8ba4d4952a06275
parent 95fdc2498278c2c91614912706e7fbe5573b4e5d
Date: Fri May 15 13:49:38 2026
    Commit C: removed b.txt

[13] merge

Checking out: master
Switched to branch 'master'
Staging area has 2 files
Committing changes...
Commit created successfully!
   Hash: 0183490bacc0abfdbcec67e31be2616198eb909c

[14] PERSISTENCE TEST (old commit unchanged)
Content of a.txt from FIRST commit (should be first version):
first version of a.txt

Content of a.txt from CURRENT HEAD (should be second version):
SECOND version of a.txt - changed!

PASS: old commit still has old data - persistence works!

[15] final history

Commit history:
================

commit 0183490bacc0abfdbcec67e31be2616198eb909c
parent c46f02922978ba917d9816d4c8ba4d4952a06275
Date: Fri May 15 13:49:39 2026
    Merge feature into master

commit c46f02922978ba917d9816d4c8ba4d4952a06275
parent 95fdc2498278c2c91614912706e7fbe5573b4e5d
Date: Fri May 15 13:49:38 2026
    Commit C: removed b.txt

commit 95fdc2498278c2c91614912706e7fbe5573b4e5d
parent d72ea73d6bf49fa1efcaac009590cba9f2467f04
Date: Fri May 15 13:49:38 2026
    Commit B: updated a.txt

commit d72ea73d6bf49fa1efcaac009590cba9f2467f04
Date: Fri May 15 13:49:38 2026
    Commit A: added a.txt and b.txt

=== ALL TESTS PASSED ===

Tested: init, add, commit, rm, print_history,
print_files, content, exists, branch, checkout,
